ok  	assistente	(cached)
ok  	assistente/internal/allowlist	(cached)
?   	assistente/internal/channels	[no test files]
?   	assistente/internal/config	[no test files]
?   	assistente/internal/configdir	[no test files]
ok  	assistente/internal/confirmation	(cached)
?   	assistente/internal/contacts	[no test files]
ok  	assistente/internal/credentials	(cached)
ok  	assistente/internal/database	(cached)
?   	assistente/internal/hotkey	[no test files]
ok  	assistente/internal/llm	(cached)
?   	assistente/internal/mcp	[no test files]
ok  	assistente/internal/messaging	(cached)
?   	assistente/internal/messaging/signal	[no test files]
?   	assistente/internal/messaging/slack	[no test files]
ok  	assistente/internal/messaging/telegram	(cached)
ok  	assistente/internal/profiles	(cached)
ok  	assistente/internal/questionnaire	(cached)
ok  	assistente/internal/skills	(cached)
?   	assistente/internal/speech	[no test files]
ok  	assistente/internal/terminal	(cached)
ok  	assistente/internal/tools	(cached)
?   	assistente/internal/tools/editor	[no test files]
ok  	assistente/internal/tools/filesystem	(cached)
ok  	assistente/internal/tools/http	(cached)
ok  	assistente/internal/tools/messaging	(cached)
ok  	assistente/internal/tools/questionnaire	(cached)
ok  	assistente/internal/tools/shell	(cached)
ok  	assistente/internal/tools/web	(cached)
?   	assistente/internal/updater	[no test files]
